
          -------------------------------------------------------
          Amber 24 PMEMD                              2024
          -------------------------------------------------------

| PMEMD implementation of SANDER, Release 24

|  Compiled date/time: Fri Apr  4 06:55:38 2025
| Run on 02/28/2026 at 16:07:27

|   Executable path: pmemd.cuda
| Working directory: /workspace
|          Hostname: 44166253ecf8

  [-O]verwriting output

File Assignments:
|   MDIN: ./MolecularDynamics/260222_Amber_test/conf_file/min.in                
|  MDOUT: ./MolecularDynamics/260222_Amber_test/min.out                         
| INPCRD: ./MolecularDynamics/260222_Amber_test/complex.inpcrd                  
|   PARM: ./MolecularDynamics/260222_Amber_test/complex.prmtop                  
| RESTRT: ./MolecularDynamics/260222_Amber_test/min.rst                         
|   REFC: ./MolecularDynamics/260222_Amber_test/complex.inpcrd                  
|  MDVEL: mdvel                                                                 
|   MDEN: mden                                                                  
|  MDCRD: mdcrd                                                                 
| MDINFO: mdinfo                                                                
|  MDFRC: mdfrc                                                                 


 Here is the input file:

# 1. Minimization (Restrain heavy atoms)                                       
 &cntrl                                                                        
  imin=1, maxcyc=2000, ncyc=1000,                                              
  ntb=1, ntp=0,                                                                
  cut=10.0,                                                                    
  ntr=1, restraint_wt=10.0,                                                    
  restraintmask='!@H=',                                                        
 /                                                                             
                                                                               


Note: ig = -1. Setting random seed to   862816 based on wallclock time in 
      microseconds.
| irandom = 1, using AMBER's internal random number generator (default).
 
|--------------------- INFORMATION ----------------------
| GPU (CUDA) Version of PMEMD in use: NVIDIA GPU IN USE.
|                    Version 18.0.0
| 
|                      03/25/2018
| 
| Implementation by:
|                    Ross C. Walker     (SDSC)
|                    Scott Le Grand     (nVIDIA)
| 
| Version 18 performance extensions by:
|                    David Cerutti     (Rutgers)
| 
| Precision model in use:
|      [SPFP] - Single Precision Forces, 64-bit Fixed Point
|               Accumulation. (Default)
| 
|--------------------------------------------------------
 
|----------------- CITATION INFORMATION -----------------
|
|    When publishing work that utilized the CUDA version
|    of AMBER, please cite the following in addition to
|    the regular AMBER citations:
|
|  - Romelia Salomon-Ferrer; Andreas W. Goetz; Duncan
|    Poole; Scott Le Grand; Ross C. Walker "Routine
|    microsecond molecular dynamics simulations with
|    AMBER - Part II: Particle Mesh Ewald", J. Chem.
|    Theory Comput., 2013, 9 (9), pp3878-3888,
|    DOI: 10.1021/ct400314y.
|
|  - Andreas W. Goetz; Mark J. Williamson; Dong Xu;
|    Duncan Poole; Scott Le Grand; Ross C. Walker
|    "Routine microsecond molecular dynamics simulations
|    with AMBER - Part I: Generalized Born", J. Chem.
|    Theory Comput., 2012, 8 (5), pp1542-1555.
|
|  - Scott Le Grand; Andreas W. Goetz; Ross C. Walker
|    "SPFP: Speed without compromise - a mixed precision
|    model for GPU accelerated molecular dynamics
|    simulations.", Comp. Phys. Comm., 2013, 184
|    pp374-380, DOI: 10.1016/j.cpc.2012.09.022
|
|--------------------------------------------------------
 
|------------------- GPU DEVICE INFO --------------------
|
|            CUDA_VISIBLE_DEVICES: not set
|   CUDA Capable Devices Detected:      1
|           CUDA Device ID in use:      0
|                CUDA Device Name: NVIDIA GeForce RTX 3090
|     CUDA Device Global Mem Size:  24124 MB
| CUDA Device Num Multiprocessors:     82
|           CUDA Device Core Freq:   1.70 GHz
|
|--------------------------------------------------------
 
 
| Conditional Compilation Defines Used:
| PUBFFT
| BINTRAJ
| CUDA
| EMIL

| Largest sphere to fit in unit cell has radius =    29.290

| New format PARM file being parsed.
| Version =    1.000 Date = 02/28/26 Time = 15:31:52

| Note: 1-4 EEL scale factors are being read from the topology file.

| Note: 1-4 VDW scale factors are being read from the topology file.
| Duplicated    0 dihedrals

| Duplicated    0 dihedrals

--------------------------------------------------------------------------------
   1.  RESOURCE   USE: 
--------------------------------------------------------------------------------

 getting new box info from bottom of inpcrd
 NATOM  =   24961 NTYPES =      19 NBONH =   24054 MBONA  =     929
 NTHETH =    1852 MTHETA =    1272 NPHIH =    4026 MPHIA  =    3920
 NHPARM =       0 NPARM  =       0 NNB   =   40414 NRES   =    7862
 NBONA  =     929 NTHETA =    1272 NPHIA =    3920 NUMBND =      72
 NUMANG =     158 NPTRA  =     176 NATYP =      39 NPHB   =       0
 IFBOX  =       2 NMXRS  =      24 IFCAP =       0 NEXTRA =       0
 NCOPY  =       0

| Coordinate Index Table dimensions:    11   11   11
| Direct force subcell size =     6.5224    6.5224    6.5224

     BOX TYPE: TRUNCATED OCTAHEDRON

--------------------------------------------------------------------------------
   2.  CONTROL  DATA  FOR  THE  RUN
--------------------------------------------------------------------------------

default_name                                                                    

General flags:
     imin    =       1, nmropt  =       0

Nature and format of input:
     ntx     =       1, irest   =       0, ntrx    =       1

Nature and format of output:
     ntxo    =       2, ntpr    =      50, ntrx    =       1, ntwr    =       1
     iwrap   =       0, ntwx    =       0, ntwv    =       0, ntwe    =       0
     ioutfm  =       1, ntwprt  =       0, idecomp =       0, rbornstat=      0

Potential function:
     ntf     =       1, ntb     =       1, igb     =       0, nsnb    =      25
     ipol    =       0, gbsa    =       0, iesp    =       0
     dielc   =   1.00000, cut     =  10.00000, intdiel =   1.00000

Frozen or restrained atoms:
     ibelly  =       0, ntr     =       1
     restraint_wt =  10.00000

Energy minimization:
     maxcyc  =    2000, ncyc    =    1000, ntmin   =       1
     dx0     =   0.01000, drms    =   0.00010

| Intermolecular bonds treatment:
|     no_intermolecular_bonds =       1

| Energy averages sample interval:
|     ene_avg_sampling =       1

Ewald parameters:
     verbose =       0, ew_type =       0, nbflag  =       1, use_pme =       1
     vdwmeth =       1, eedmeth =       1, netfrc  =       0
     Box X =   71.747   Box Y =   71.747   Box Z =   71.747
     Alpha =  109.471   Beta  =  109.471   Gamma =  109.471
     NFFT1 =   72       NFFT2 =   72       NFFT3 =   72
     Cutoff=   10.000   Tol   =0.100E-04
     Ewald Coefficient =  0.27511
     Interpolation order =    4

    LOADING THE CONSTRAINED ATOMS AS GROUPS


   5.  REFERENCE ATOM COORDINATES

  default_name                                                                    
     Mask !@H=; matches  8648 atoms

--------------------------------------------------------------------------------
   3.  ATOMIC COORDINATES AND VELOCITIES
--------------------------------------------------------------------------------

default_name                                                                    
 begin time read from input coords =     0.000 ps

 
 Number of triangulated 3-point waters found:     7741

     Sum of charges from parm topology file =   0.00099993
     Forcing neutrality...

| Dynamic Memory, Types Used:
| Reals              795128
| Integers           892206

| Nonbonded Pairs Initial Allocation:     7550078

| GPU memory information (estimate):
| KB of GPU memory in use:    168964
| KB of CPU memory in use:     62651

--------------------------------------------------------------------------------
   4.  RESULTS
--------------------------------------------------------------------------------



   NSTEP       ENERGY          RMS            GMAX         NAME    NUMBER
      1      -6.6338E+04     1.6853E+01     9.3137E+02     O2       1725

 BOND    =      345.1480  ANGLE   =      815.9928  DIHED      =     1251.3987
 VDWAALS =     8175.1693  EEL     =   -82528.5234  HBOND      =        0.0000
 1-4 VDW =      484.9341  1-4 EEL =     5118.3360  RESTRAINT  =        0.0000


   NSTEP       ENERGY          RMS            GMAX         NAME    NUMBER
     50      -8.0272E+04     2.1101E+00     5.2542E+01     C11      1735

 BOND    =     4645.0553  ANGLE   =      560.9625  DIHED      =     1260.4319
 VDWAALS =     6595.4658  EEL     =   -99401.1704  HBOND      =        0.0000
 1-4 VDW =      431.7109  1-4 EEL =     4995.8643  RESTRAINT  =      639.6016
 EAMBER  =   -80911.6797


   NSTEP       ENERGY          RMS            GMAX         NAME    NUMBER
    100      -8.2952E+04     7.7220E-01     1.1302E+01     HG        754

 BOND    =     4567.5707  ANGLE   =      558.6165  DIHED      =     1264.4123
 VDWAALS =     6887.8925  EEL     =  -102694.3881  HBOND      =        0.0000
 1-4 VDW =      415.2379  1-4 EEL =     4974.7568  RESTRAINT  =     1073.6059
 EAMBER  =   -84025.9014


   NSTEP       ENERGY          RMS            GMAX         NAME    NUMBER
    150      -8.4066E+04     2.2227E+00     2.2094E+01     CZ        988

 BOND    =     4400.1241  ANGLE   =      559.1119  DIHED      =     1267.0795
 VDWAALS =     7172.2530  EEL     =  -104167.6388  HBOND      =        0.0000
 1-4 VDW =      409.6419  1-4 EEL =     4966.1751  RESTRAINT  =     1327.2309
 EAMBER  =   -85393.2533


   NSTEP       ENERGY          RMS            GMAX         NAME    NUMBER
    200      -8.4752E+04     1.2887E+00     1.7722E+01     C13      1737

 BOND    =     5131.9330  ANGLE   =      559.1156  DIHED      =     1269.2332
 VDWAALS =     7388.8872  EEL     =  -105980.1582  HBOND      =        0.0000
 1-4 VDW =      407.9064  1-4 EEL =     4960.3767  RESTRAINT  =     1510.3409
 EAMBER  =   -86262.7062


   NSTEP       ENERGY          RMS            GMAX         NAME    NUMBER
    250      -8.5192E+04     4.7808E-01     9.1235E+00     C13      1737

 BOND    =     4900.6672  ANGLE   =      558.8081  DIHED      =     1270.6866
 VDWAALS =     7553.8867  EEL     =  -106487.6891  HBOND      =        0.0000
 1-4 VDW =      406.2289  1-4 EEL =     4958.9185  RESTRAINT  =     1646.2845
 EAMBER  =   -86838.4931


   NSTEP       ENERGY          RMS            GMAX         NAME    NUMBER
    300      -8.5500E+04     3.3496E-01     6.5774E+00     C13      1737

 BOND    =     5031.6099  ANGLE   =      558.9938  DIHED      =     1271.2731
 VDWAALS =     7680.2147  EEL     =  -107161.9594  HBOND      =        0.0000
 1-4 VDW =      405.4092  1-4 EEL =     4957.9963  RESTRAINT  =     1756.7253
 EAMBER  =   -87256.4624


   NSTEP       ENERGY          RMS            GMAX         NAME    NUMBER
    350      -8.5737E+04     3.8366E-01     1.7328E+01     CE3       897

 BOND    =     5063.9865  ANGLE   =      559.1647  DIHED      =     1270.3608
 VDWAALS =     7778.8020  EEL     =  -107619.4677  HBOND      =        0.0000
 1-4 VDW =      404.6867  1-4 EEL =     4958.4494  RESTRAINT  =     1847.3148
 EAMBER  =   -87584.0175


   NSTEP       ENERGY          RMS            GMAX         NAME    NUMBER
    400      -8.5912E+04     9.1910E-01     6.2111E+01     CE3       897

 BOND    =     5104.3102  ANGLE   =      560.1955  DIHED      =     1269.1916
 VDWAALS =     7853.3892  EEL     =  -107982.6881  HBOND      =        0.0000
 1-4 VDW =      404.2851  1-4 EEL =     4958.8596  RESTRAINT  =     1920.7211
 EAMBER  =   -87832.4569


   NSTEP       ENERGY          RMS            GMAX         NAME    NUMBER
    450      -8.6061E+04     5.4232E-01     3.3339E+01     CE3       897

 BOND    =     5125.7005  ANGLE   =      558.8919  DIHED      =     1268.8319
 VDWAALS =     7910.3380  EEL     =  -108268.5862  HBOND      =        0.0000
 1-4 VDW =      404.1965  1-4 EEL =     4958.8317  RESTRAINT  =     1980.6591
 EAMBER  =   -88041.7957


   NSTEP       ENERGY          RMS            GMAX         NAME    NUMBER
    500      -8.6168E+04     7.8205E-01     4.8119E+01     CE3       897

 BOND    =     5150.2296  ANGLE   =      559.2518  DIHED      =     1268.7833
 VDWAALS =     7953.9387  EEL     =  -108493.0111  HBOND      =        0.0000
 1-4 VDW =      404.1095  1-4 EEL =     4958.6684  RESTRAINT  =     2029.6302
 EAMBER  =   -88198.0297


   NSTEP       ENERGY          RMS            GMAX         NAME    NUMBER
    550      -8.6268E+04     4.9146E-01     3.9335E+01     NE2      1032

 BOND    =     5164.9963  ANGLE   =      558.7548  DIHED      =     1268.8073
 VDWAALS =     7990.3413  EEL     =  -108686.0882  HBOND      =        0.0000
 1-4 VDW =      404.0648  1-4 EEL =     4958.5489  RESTRAINT  =     2072.7131
 EAMBER  =   -88340.5748


   NSTEP       ENERGY          RMS            GMAX         NAME    NUMBER
    600      -8.6341E+04     6.6130E-01     6.2346E+01     NE2      1032

 BOND    =     5181.2696  ANGLE   =      559.2186  DIHED      =     1268.8821
 VDWAALS =     8018.2210  EEL     =  -108837.9176  HBOND      =        0.0000
 1-4 VDW =      404.0213  1-4 EEL =     4958.4426  RESTRAINT  =     2107.1424
 EAMBER  =   -88447.8624


   NSTEP       ENERGY          RMS            GMAX         NAME    NUMBER
    650      -8.6411E+04     4.0983E-01     4.2616E+01     NE2      1032

 BOND    =     5190.8890  ANGLE   =      558.5837  DIHED      =     1268.9257
 VDWAALS =     8041.8828  EEL     =  -108970.4234  HBOND      =        0.0000
 1-4 VDW =      403.8521  1-4 EEL =     4958.3355  RESTRAINT  =     2137.3710
 EAMBER  =   -88547.9547


   NSTEP       ENERGY          RMS            GMAX         NAME    NUMBER
    700      -8.6465E+04     5.9626E-01     5.9510E+01     NE2      1032

 BOND    =     5202.9683  ANGLE   =      559.0131  DIHED      =     1268.9169
 VDWAALS =     8061.0488  EEL     =  -109082.2975  HBOND      =        0.0000
 1-4 VDW =      403.7236  1-4 EEL =     4958.3077  RESTRAINT  =     2162.9041
 EAMBER  =   -88628.3192


   NSTEP       ENERGY          RMS            GMAX         NAME    NUMBER
    750      -8.6517E+04     3.5688E-01     3.8621E+01     NE2      1032

 BOND    =     5209.7254  ANGLE   =      558.6644  DIHED      =     1268.8522
 VDWAALS =     8076.5933  EEL     =  -109177.8374  HBOND      =        0.0000
 1-4 VDW =      403.6799  1-4 EEL =     4958.3581  RESTRAINT  =     2184.5657
 EAMBER  =   -88701.9642


   NSTEP       ENERGY          RMS            GMAX         NAME    NUMBER
    800      -8.6563E+04     1.5096E-01     1.0942E+01     NE2      1032

 BOND    =     5216.2971  ANGLE   =      558.4482  DIHED      =     1268.6960
 VDWAALS =     8089.8369  EEL     =  -109261.4514  HBOND      =        0.0000
 1-4 VDW =      403.5211  1-4 EEL =     4958.3421  RESTRAINT  =     2203.5178
 EAMBER  =   -88766.3101


   NSTEP       ENERGY          RMS            GMAX         NAME    NUMBER
    850      -8.6603E+04     3.0930E-01     3.2170E+01     CG       1628

 BOND    =     5223.8246  ANGLE   =      558.6805  DIHED      =     1268.3939
 VDWAALS =     8101.6932  EEL     =  -109337.8679  HBOND      =        0.0000
 1-4 VDW =      403.3706  1-4 EEL =     4958.4058  RESTRAINT  =     2220.6271
 EAMBER  =   -88823.4993


   NSTEP       ENERGY          RMS            GMAX         NAME    NUMBER
    900      -8.6642E+04     1.2827E-01     7.7705E+00     NE2      1032

 BOND    =     5229.4085  ANGLE   =      558.6243  DIHED      =     1267.8830
 VDWAALS =     8112.3926  EEL     =  -109407.7473  HBOND      =        0.0000
 1-4 VDW =      403.2668  1-4 EEL =     4958.5022  RESTRAINT  =     2235.9829
 EAMBER  =   -88877.6698


   NSTEP       ENERGY          RMS            GMAX         NAME    NUMBER
    950      -8.6678E+04     1.8516E-01     1.6743E+01     NE2      1032

 BOND    =     5235.5694  ANGLE   =      558.7747  DIHED      =     1267.0268
 VDWAALS =     8122.7911  EEL     =  -109474.7295  HBOND      =        0.0000
 1-4 VDW =      403.1376  1-4 EEL =     4958.6650  RESTRAINT  =     2250.5269
 EAMBER  =   -88928.7648


   NSTEP       ENERGY          RMS            GMAX         NAME    NUMBER
   1000      -8.6711E+04     1.1398E-01     5.4502E+00     NE2      1032

 BOND    =     5240.6022  ANGLE   =      558.7940  DIHED      =     1265.9815
 VDWAALS =     8132.0753  EEL     =  -109533.5655  HBOND      =        0.0000
 1-4 VDW =      403.0401  1-4 EEL =     4958.8749  RESTRAINT  =     2263.1516
 EAMBER  =   -88974.1974


   NSTEP       ENERGY          RMS            GMAX         NAME    NUMBER
   1050      -8.6905E+04     2.3306E-01     1.5843E+01     CG2      1673

 BOND    =     5284.6148  ANGLE   =      559.9657  DIHED      =     1263.0763
 VDWAALS =     8207.4908  EEL     =  -109958.3502  HBOND      =        0.0000
 1-4 VDW =      403.8501  1-4 EEL =     4959.8518  RESTRAINT  =     2374.8115
 EAMBER  =   -89279.5007


   NSTEP       ENERGY          RMS            GMAX         NAME    NUMBER
   1100      -8.6981E+04     2.8908E-01     1.6848E+01     CB       1671

 BOND    =     5290.2266  ANGLE   =      560.7451  DIHED      =     1261.6769
 VDWAALS =     8215.0655  EEL     =  -110058.6677  HBOND      =        0.0000
 1-4 VDW =      403.6727  1-4 EEL =     4959.0819  RESTRAINT  =     2387.2437
 EAMBER  =   -89368.1990


   NSTEP       ENERGY          RMS            GMAX         NAME    NUMBER
   1150      -8.7027E+04     2.2898E-01     1.4822E+01     CB       1671

 BOND    =     5300.3146  ANGLE   =      559.6739  DIHED      =     1258.2780
 VDWAALS =     8227.4537  EEL     =  -110136.4777  HBOND      =        0.0000
 1-4 VDW =      403.4596  1-4 EEL =     4959.4520  RESTRAINT  =     2401.0530
 EAMBER  =   -89427.8460


   NSTEP       ENERGY          RMS            GMAX         NAME    NUMBER
   1200      -8.7058E+04     1.8527E-01     1.1849E+01     CE1      1030

 BOND    =     5304.4187  ANGLE   =      558.3487  DIHED      =     1257.3083
 VDWAALS =     8230.8576  EEL     =  -110180.5632  HBOND      =        0.0000
 1-4 VDW =      403.3993  1-4 EEL =     4959.6893  RESTRAINT  =     2408.7869
 EAMBER  =   -89466.5414


   NSTEP       ENERGY          RMS            GMAX         NAME    NUMBER
   1250      -8.7096E+04     1.4483E-01     6.7112E+00     H2      23326

 BOND    =     5309.5781  ANGLE   =      558.5776  DIHED      =     1256.5709
 VDWAALS =     8237.9023  EEL     =  -110242.3008  HBOND      =        0.0000
 1-4 VDW =      403.4671  1-4 EEL =     4958.5585  RESTRAINT  =     2421.5947
 EAMBER  =   -89517.6464


   NSTEP       ENERGY          RMS            GMAX         NAME    NUMBER
   1300      -8.7118E+04     1.1553E-01     5.8023E+00     OG1      1392

 BOND    =     5312.7714  ANGLE   =      558.2401  DIHED      =     1256.1365
 VDWAALS =     8239.9615  EEL     =  -110274.0700  HBOND      =        0.0000
 1-4 VDW =      403.1179  1-4 EEL =     4959.5030  RESTRAINT  =     2426.4500
 EAMBER  =   -89544.3395


   NSTEP       ENERGY          RMS            GMAX         NAME    NUMBER
   1350      -8.7140E+04     1.0494E-01     4.9448E+00     CB       1671

 BOND    =     5315.0265  ANGLE   =      558.2657  DIHED      =     1255.9521
 VDWAALS =     8242.0926  EEL     =  -110305.7648  HBOND      =        0.0000
 1-4 VDW =      403.1840  1-4 EEL =     4958.1395  RESTRAINT  =     2433.3133
 EAMBER  =   -89573.1044


   NSTEP       ENERGY          RMS            GMAX         NAME    NUMBER
   1400      -8.7161E+04     1.1336E-01     7.0725E+00     C          11

 BOND    =     5317.1578  ANGLE   =      558.6512  DIHED      =     1254.8322
 VDWAALS =     8244.5145  EEL     =  -110335.8103  HBOND      =        0.0000
 1-4 VDW =      403.1121  1-4 EEL =     4957.6641  RESTRAINT  =     2439.0519
 EAMBER  =   -89599.8785


   NSTEP       ENERGY          RMS            GMAX         NAME    NUMBER
   1450      -8.7178E+04     1.6943E-01     1.0551E+01     C          11

 BOND    =     5318.4996  ANGLE   =      558.3350  DIHED      =     1254.0348
 VDWAALS =     8245.0268  EEL     =  -110357.1598  HBOND      =        0.0000
 1-4 VDW =      403.1870  1-4 EEL =     4958.8317  RESTRAINT  =     2441.5606
 EAMBER  =   -89619.2451


   NSTEP       ENERGY          RMS            GMAX         NAME    NUMBER
   1500      -8.7202E+04     1.0465E-01     5.1329E+00     C          11

 BOND    =     5320.4521  ANGLE   =      558.1401  DIHED      =     1254.5365
 VDWAALS =     8244.1206  EEL     =  -110388.0197  HBOND      =        0.0000
 1-4 VDW =      403.4040  1-4 EEL =     4959.4254  RESTRAINT  =     2445.8430
 EAMBER  =   -89647.9410


   NSTEP       ENERGY          RMS            GMAX         NAME    NUMBER
   1550      -8.7218E+04     9.0772E-02     6.2143E+00     C          11

 BOND    =     5321.7842  ANGLE   =      558.0700  DIHED      =     1254.5130
 VDWAALS =     8244.0158  EEL     =  -110406.7904  HBOND      =        0.0000
 1-4 VDW =      403.4104  1-4 EEL =     4959.1570  RESTRAINT  =     2447.6693
 EAMBER  =   -89665.8400


   NSTEP       ENERGY          RMS            GMAX         NAME    NUMBER
   1600      -8.7231E+04     1.2277E-01     1.0630E+01     CD        411

 BOND    =     5323.2619  ANGLE   =      557.9864  DIHED      =     1254.4203
 VDWAALS =     8246.2321  EEL     =  -110425.9545  HBOND      =        0.0000
 1-4 VDW =      403.3134  1-4 EEL =     4959.2473  RESTRAINT  =     2450.6630
 EAMBER  =   -89681.4932


   NSTEP       ENERGY          RMS            GMAX         NAME    NUMBER
   1650      -8.7238E+04     6.8653E-02     6.4921E+00     CG        663

 BOND    =     5321.8815  ANGLE   =      557.9340  DIHED      =     1254.3340
 VDWAALS =     8245.7931  EEL     =  -110432.8443  HBOND      =        0.0000
 1-4 VDW =      403.1458  1-4 EEL =     4959.0652  RESTRAINT  =     2452.6837
 EAMBER  =   -89690.6907


   NSTEP       ENERGY          RMS            GMAX         NAME    NUMBER
   1700      -8.7243E+04     5.2887E-02     3.8180E+00     CG        663

 BOND    =     5322.7282  ANGLE   =      557.9829  DIHED      =     1254.3588
 VDWAALS =     8245.9658  EEL     =  -110441.4914  HBOND      =        0.0000
 1-4 VDW =      403.0968  1-4 EEL =     4959.1237  RESTRAINT  =     2454.9806
 EAMBER  =   -89698.2352


   NSTEP       ENERGY          RMS            GMAX         NAME    NUMBER
   1750      -8.7248E+04     3.5720E-02     1.4292E+00     O       23120

 BOND    =     5324.1308  ANGLE   =      558.0298  DIHED      =     1254.3564
 VDWAALS =     8246.8036  EEL     =  -110450.6869  HBOND      =        0.0000
 1-4 VDW =      403.1809  1-4 EEL =     4959.0792  RESTRAINT  =     2457.0050
 EAMBER  =   -89705.1061


   NSTEP       ENERGY          RMS            GMAX         NAME    NUMBER
   1800      -8.7253E+04     4.7701E-02     2.3300E+00     O       23120

 BOND    =     5325.4925  ANGLE   =      557.9706  DIHED      =     1254.4003
 VDWAALS =     8247.6869  EEL     =  -110460.5764  HBOND      =        0.0000
 1-4 VDW =      403.1273  1-4 EEL =     4959.0117  RESTRAINT  =     2459.4459
 EAMBER  =   -89712.8872


   NSTEP       ENERGY          RMS            GMAX         NAME    NUMBER
   1850      -8.7259E+04     5.0277E-02     2.1603E+00     N        1681

 BOND    =     5326.1017  ANGLE   =      557.9026  DIHED      =     1254.4445
 VDWAALS =     8247.9766  EEL     =  -110467.3472  HBOND      =        0.0000
 1-4 VDW =      403.1778  1-4 EEL =     4959.0015  RESTRAINT  =     2460.1517
 EAMBER  =   -89718.7425


   NSTEP       ENERGY          RMS            GMAX         NAME    NUMBER
   1900      -8.7264E+04     5.2667E-02     2.4561E+00     N        1681

 BOND    =     5326.5485  ANGLE   =      557.9246  DIHED      =     1254.5077
 VDWAALS =     8248.5542  EEL     =  -110474.9182  HBOND      =        0.0000
 1-4 VDW =      403.1659  1-4 EEL =     4959.0624  RESTRAINT  =     2461.1686
 EAMBER  =   -89725.1551


   NSTEP       ENERGY          RMS            GMAX         NAME    NUMBER
   1950      -8.7271E+04     5.6052E-02     2.5988E+00     H2      17191

 BOND    =     5327.5118  ANGLE   =      557.8907  DIHED      =     1254.5185
 VDWAALS =     8249.3380  EEL     =  -110485.2162  HBOND      =        0.0000
 1-4 VDW =      403.1486  1-4 EEL =     4959.1150  RESTRAINT  =     2462.9211
 EAMBER  =   -89733.6936


   NSTEP       ENERGY          RMS            GMAX         NAME    NUMBER
   2000      -8.7276E+04     5.5860E-02     2.5693E+00     N        1681

 BOND    =     5327.5858  ANGLE   =      557.7322  DIHED      =     1254.5474
 VDWAALS =     8249.7685  EEL     =  -110493.2061  HBOND      =        0.0000
 1-4 VDW =      403.1461  1-4 EEL =     4959.1584  RESTRAINT  =     2464.8930
 EAMBER  =   -89741.2677


  Maximum number of minimization cycles reached.


                    FINAL RESULTS



   NSTEP       ENERGY          RMS            GMAX         NAME    NUMBER
   2000      -8.7276E+04     5.5860E-02     2.5693E+00     N        1681

 BOND    =     5327.5858  ANGLE   =      557.7322  DIHED      =     1254.5474
 VDWAALS =     8249.7685  EEL     =  -110493.2061  HBOND      =        0.0000
 1-4 VDW =      403.1461  1-4 EEL =     4959.1584  RESTRAINT  =     2464.8930
 EAMBER  =   -89741.2677
--------------------------------------------------------------------------------
   5.  TIMINGS
--------------------------------------------------------------------------------

|  NonSetup CPU Time in Major Routines:
|
|     Routine           Sec        %
|     ------------------------------
|     Nonbond           0.58   30.97
|     Bond              0.00    0.00
|     Angle             0.00    0.00
|     Dihedral          0.00    0.00
|     Shake             0.00    0.00
|     Other             1.29   69.03
|     ------------------------------
|     Total             1.86

|  PME Nonbond Pairlist CPU Time:
|
|     Routine              Sec        %
|     ---------------------------------
|     Set Up Cit           0.00    0.00
|     Build List           0.00    0.00
|     ---------------------------------
|     Total                0.00    0.00

|  PME Direct Force CPU Time:
|
|     Routine              Sec        %
|     ---------------------------------
|     NonBonded Calc       0.00    0.00
|     Exclude Masked       0.00    0.00
|     Other                0.00    0.21
|     ---------------------------------
|     Total                0.00    0.21

|  PME Reciprocal Force CPU Time:
|
|     Routine              Sec        %
|     ---------------------------------
|     1D bspline           0.00    0.00
|     Grid Charges         0.00    0.00
|     Scalar Sum           0.00    0.00
|     Gradient Sum         0.00    0.00
|     FFT                  0.00    0.00
|     ---------------------------------
|     Total                0.00    0.00

|  Setup CPU time:            0.76 seconds
|  NonSetup CPU time:         1.86 seconds
|  Total CPU time:            2.62 seconds     0.00 hours

|  Setup wall time:           1    seconds
|  NonSetup wall time:        2    seconds
|  Total wall time:           3    seconds     0.00 hours
